// Jest Snapshot v1, https://goo.gl/fbAQLP

exports[`Info matches the snapshot 1`] = `
<div>
  <h1>
    See info below
  </h1>
  <p>
    Incredibly useful information.
  </p>
</div>
`;
